// Jest Snapshot v1, https://goo.gl/fbAQLP

exports[`<MiniPost /> should match snapshot 1`] = `
<div
  class="flex-row justify-space-between mini-post"
>
  <div
    class="flex-column post-title"
  >
    <span
      class="title"
      style="color: red;"
    >
      United States
    </span>
     
    <span
      class="subtitle"
    >
      <div>
        Came here to study in 2006.
      </div>
    </span>
  </div>
   
  <div
    class="post-image"
  >
    <img
      alt="United States"
      height="56px"
      loading="lazy"
      src="https://ik.imagekit.io/fireman35/pics/usa_98nvVlwOEN.jpg?tr=w-112"
      width="56px"
    />
  </div>
</div>
`;
