// Jest Snapshot v1, https://goo.gl/fbAQLP

exports[`<PostPopup /> should match snapshot 1`] = `
<div
  class="c-post-popup"
  data-testid="post-popup"
>
  <div
    class="c-post-content"
    data-testid="post-content"
  >
    <img
      alt="United States"
      class="c-post-content__image"
      data-testid="post-content-image"
      height="142"
      loading="lazy"
      src="https://ik.imagekit.io/fireman35/pics/usa_98nvVlwOEN.jpg?tr=w-518"
      style="background-color: rgb(102, 86, 108);"
      width="254"
    />
     
    <h4
      class="c-post-content__header p-6 p-l-12 p-r-12"
      data-testid="post-content-header"
    >
      
    United States
  
    </h4>
     
    <div
      class="c-post-content__body p-b-12 p-l-12 p-r-12"
      data-testid="post-content-body"
    >
      <div>
        Came here to study in 2006.
      </div>
    </div>
  </div>
   
  <div
    class="more-actions-button pointer"
    data-testid="more-actions-button"
  >
    <svg
      aria-hidden="true"
      class="svg-inline--fa fa-ellipsis-v fa-w-6"
      data-icon="ellipsis-v"
      data-prefix="fas"
      focusable="false"
      role="img"
      viewBox="0 0 192 512"
      xmlns="http://www.w3.org/2000/svg"
    >
      <path
        class=""
        d="M96 184c39.8 0 72 32.2 72 72s-32.2 72-72 72-72-32.2-72-72 32.2-72 72-72zM24 80c0 39.8 32.2 72 72 72s72-32.2 72-72S135.8 8 96 8 24 40.2 24 80zm0 352c0 39.8 32.2 72 72 72s72-32.2 72-72-32.2-72-72-72-72 32.2-72 72z"
        fill="currentColor"
      />
    </svg>
  </div>
   
  <!---->
</div>
`;
