// Jest Snapshot v1, https://goo.gl/fbAQLP

exports[`<PostPreview /> should match snapshot 1`] = `
<div
  class="post-preview"
>
  <div
    class="post-count"
  >
    13 posts
  </div>
   
  <div
    class="flex-row post-list"
  >
    <div
      class="flex-row post-list__container"
    >
      <div
        class="flex-row justify-space-between mini-post"
      >
        <div
          class="flex-column post-title"
        >
          <span
            class="title"
            style="color: red;"
          >
            United States
          </span>
           
          <span
            class="subtitle"
          >
            <div>
              Came here to study in 2006.
            </div>
          </span>
        </div>
         
        <div
          class="post-image"
        >
          <img
            alt="United States"
            height="56px"
            loading="lazy"
            src="https://ik.imagekit.io/fireman35/pics/usa_98nvVlwOEN.jpg?tr=w-112"
            width="56px"
          />
        </div>
      </div>
       
      <div
        class="divider"
      />
    </div>
    <div
      class="flex-row post-list__container"
    >
      <div
        class="flex-row justify-space-between mini-post"
      >
        <div
          class="flex-column post-title"
        >
          <span
            class="title"
            style="color: green;"
          >
            Canada
          </span>
           
          <span
            class="subtitle"
          >
            <div>
              Came here in 2018 to chill for a weekend.
            </div>
          </span>
        </div>
         
        <div
          class="post-image"
        >
          <img
            alt="Canada"
            height="56px"
            loading="lazy"
            src="https://ik.imagekit.io/fireman35/pics/canada_GaDi1RWytiLm.jpg?tr=w-112"
            width="56px"
          />
        </div>
      </div>
       
      <div
        class="divider"
      />
    </div>
    <div
      class="flex-row post-list__container"
    >
      <div
        class="flex-row justify-space-between mini-post"
      >
        <div
          class="flex-column post-title"
        >
          <span
            class="title"
            style="color: blue;"
          >
            Mongolia
          </span>
           
          <span
            class="subtitle"
          >
            <div>
              Came here on vacation in 2009 (p.s. it's quite cold. Go in summer.)
            </div>
          </span>
        </div>
         
        <div
          class="post-image"
        >
          <img
            alt="Mongolia"
            height="56px"
            loading="lazy"
            src="https://ik.imagekit.io/fireman35/pics/mongolia_mWRhofTG4mL.jpg?tr=w-112"
            width="56px"
          />
        </div>
      </div>
       
      <div
        class="divider"
      />
    </div>
    <div
      class="flex-row post-list__container"
    >
      <div
        class="flex-row justify-space-between mini-post"
      >
        <div
          class="flex-column post-title"
        >
          <span
            class="title"
            style="color: green;"
          >
            Chile
          </span>
           
          <span
            class="subtitle"
          >
            <div>
              Came here to start a company in 2012.
            </div>
          </span>
        </div>
         
        <div
          class="post-image"
        >
          <img
            alt="Chile"
            height="56px"
            loading="lazy"
            src="https://ik.imagekit.io/fireman35/pics/chile_0qO775HZwWa.jpg?tr=w-112"
            width="56px"
          />
        </div>
      </div>
       
      <div
        class="divider"
      />
    </div>
    <div
      class="flex-row post-list__container"
    >
      <div
        class="flex-row justify-space-between mini-post"
      >
        <div
          class="flex-column post-title"
        >
          <span
            class="title"
            style="color: green;"
          >
            Brazil
          </span>
           
          <span
            class="subtitle"
          >
            <div>
              Came here for a conference in 2012.
            </div>
          </span>
        </div>
         
        <div
          class="post-image"
        >
          <img
            alt="Brazil"
            height="56px"
            loading="lazy"
            src="https://ik.imagekit.io/fireman35/pics/brazil_96W3F3LPa.jpg?tr=w-112"
            width="56px"
          />
        </div>
      </div>
       
      <div
        class="divider"
      />
    </div>
    <div
      class="flex-row post-list__container"
    >
      <div
        class="flex-row justify-space-between mini-post"
      >
        <div
          class="flex-column post-title"
        >
          <span
            class="title"
            style="color: red;"
          >
            France
          </span>
           
          <span
            class="subtitle"
          >
            <div>
              Came here to study in 2005.
            </div>
          </span>
        </div>
         
        <div
          class="post-image"
        >
          <img
            alt="France"
            height="56px"
            loading="lazy"
            src="https://ik.imagekit.io/fireman35/pics/france_9sri-tCHe.jpg?tr=w-112"
            width="56px"
          />
        </div>
      </div>
       
      <div
        class="divider"
      />
    </div>
    <div
      class="flex-row post-list__container"
    >
      <div
        class="flex-row justify-space-between mini-post"
      >
        <div
          class="flex-column post-title"
        >
          <span
            class="title"
            style="color: red;"
          >
            Singapore
          </span>
           
          <span
            class="subtitle"
          >
            <div>
              Came here to study in 2001.
            </div>
          </span>
        </div>
         
        <div
          class="post-image"
        >
          <img
            alt="Singapore"
            height="56px"
            loading="lazy"
            src="https://ik.imagekit.io/fireman35/pics/singapore_wrnhKpF1vKYY.jpg?tr=w-112"
            width="56px"
          />
        </div>
      </div>
       
      <div
        class="divider"
      />
    </div>
    <div
      class="flex-row post-list__container"
    >
      <div
        class="flex-row justify-space-between mini-post"
      >
        <div
          class="flex-column post-title"
        >
          <span
            class="title"
            style="color: pink;"
          >
            India
          </span>
           
          <span
            class="subtitle"
          >
            <div>
              Born here.
            </div>
          </span>
        </div>
         
        <div
          class="post-image"
        >
          <img
            alt="India"
            height="56px"
            loading="lazy"
            src="https://ik.imagekit.io/fireman35/pics/india_A4d15u4bMQ7.jpg?tr=w-112"
            width="56px"
          />
        </div>
      </div>
       
      <div
        class="divider"
      />
    </div>
    <div
      class="flex-row post-list__container"
    >
      <div
        class="flex-row justify-space-between mini-post"
      >
        <div
          class="flex-column post-title"
        >
          <span
            class="title"
            style="color: green;"
          >
            China
          </span>
           
          <span
            class="subtitle"
          >
            <div>
              Came here for a conference in 2005.
            </div>
          </span>
        </div>
         
        <div
          class="post-image"
        >
          <img
            alt="China"
            height="56px"
            loading="lazy"
            src="https://ik.imagekit.io/fireman35/pics/china_Gx-ZxMNsej.jpg?tr=w-112"
            width="56px"
          />
        </div>
      </div>
       
      <div
        class="divider"
      />
    </div>
    <div
      class="flex-row post-list__container"
    >
      <div
        class="flex-row justify-space-between mini-post"
      >
        <div
          class="flex-column post-title"
        >
          <span
            class="title"
            style="color: blue;"
          >
            Malaysia
          </span>
           
          <span
            class="subtitle"
          >
            <div>
              Came here to hike up a mountain in 2010.
            </div>
          </span>
        </div>
         
        <div
          class="post-image"
        >
          <img
            alt="Malaysia"
            height="56px"
            loading="lazy"
            src="https://ik.imagekit.io/fireman35/pics/malaysia_ZeAVPhILkr87.jpg?tr=w-112"
            width="56px"
          />
        </div>
      </div>
       
      <div
        class="divider"
      />
    </div>
    <div
      class="flex-row post-list__container"
    >
      <div
        class="flex-row justify-space-between mini-post"
      >
        <div
          class="flex-column post-title"
        >
          <span
            class="title"
            style="color: green;"
          >
            Indonesia
          </span>
           
          <span
            class="subtitle"
          >
            <div>
              Came here for a conference in 2005.
            </div>
          </span>
        </div>
         
        <div
          class="post-image"
        >
          <img
            alt="Indonesia"
            height="56px"
            loading="lazy"
            src="https://ik.imagekit.io/fireman35/pics/indonesia_vvghKPrEN.jpg?tr=w-112"
            width="56px"
          />
        </div>
      </div>
       
      <div
        class="divider"
      />
    </div>
    <div
      class="flex-row post-list__container"
    >
      <div
        class="flex-row justify-space-between mini-post"
      >
        <div
          class="flex-column post-title"
        >
          <span
            class="title"
            style="color: blue;"
          >
            Nepal
          </span>
           
          <span
            class="subtitle"
          >
            <div>
              Came here for a school trip in 1999.
            </div>
          </span>
        </div>
         
        <div
          class="post-image"
        >
          <img
            alt="Nepal"
            height="56px"
            loading="lazy"
            src="https://ik.imagekit.io/fireman35/pics/nepal_Ef8ASdGYr.jpg?tr=w-112"
            width="56px"
          />
        </div>
      </div>
       
      <div
        class="divider"
      />
    </div>
    <div
      class="flex-row post-list__container"
    >
      <div
        class="flex-row justify-space-between mini-post"
      >
        <div
          class="flex-column post-title"
        >
          <span
            class="title"
            style="color: blue;"
          >
            Japan
          </span>
           
          <span
            class="subtitle"
          >
            <div>
              Came here to learn pottery in 2011.
            </div>
          </span>
        </div>
         
        <div
          class="post-image"
        >
          <img
            alt="Japan"
            height="56px"
            loading="lazy"
            src="https://ik.imagekit.io/fireman35/pics/japan_0nwm163zE.jpg?tr=w-112"
            width="56px"
          />
        </div>
      </div>
       
      <!---->
    </div>
  </div>
</div>
`;
