// Jest Snapshot v1, https://goo.gl/fbAQLP

exports[`<PostContent /> should match snapshot 1`] = `
<div
  class="c-post-content"
  data-testid="post-content"
>
  <img
    alt="United States"
    class="c-post-content__image"
    data-testid="post-content-image"
    height="254"
    loading="lazy"
    src="https://ik.imagekit.io/fireman35/pics/usa_98nvVlwOEN.jpg?tr=w-518"
    style="background-color: red;"
    width="254"
  />
   
  <h4
    class="c-post-content__header p-6 p-l-12 p-r-12"
    data-testid="post-content-header"
  >
    
    United States
  
  </h4>
   
  <div
    class="c-post-content__body p-b-12 p-l-12 p-r-12"
    data-testid="post-content-body"
  >
    <div>
      Came here to study in 2006.
    </div>
  </div>
</div>
`;
